{
    "stub": {
        "content": [
            {
                "0": [
                    [
                        {
                            "id": "test",
                            "single_end": false
                        },
                        "test.vcf.gz:md5,68b329da9893e34099c7d8ad5cb9c940"
                    ]
                ],
                "1": [
                    [
                        {
                            "id": "test",
                            "single_end": false
                        },
                        "test.vcf.gz.tbi:md5,d41d8cd98f00b204e9800998ecf8427e"
                    ]
                ],
                "2": [
                    [
                        {
                            "id": "test",
                            "single_end": false
                        },
                        "test.g.vcf.gz:md5,68b329da9893e34099c7d8ad5cb9c940"
                    ]
                ],
                "3": [
                    [
                        {
                            "id": "test",
                            "single_end": false
                        },
                        "test.g.vcf.gz.tbi:md5,d41d8cd98f00b204e9800998ecf8427e"
                    ]
                ],
                "4": [
                    "versions.yml:md5,72b3f70b4108ecc2a8744940b5b513d7"
                ],
                "gvcf": [
                    [
                        {
                            "id": "test",
                            "single_end": false
                        },
                        "test.g.vcf.gz:md5,68b329da9893e34099c7d8ad5cb9c940"
                    ]
                ],
                "gvcf_tbi": [
                    [
                        {
                            "id": "test",
                            "single_end": false
                        },
                        "test.g.vcf.gz.tbi:md5,d41d8cd98f00b204e9800998ecf8427e"
                    ]
                ],
                "vcf": [
                    [
                        {
                            "id": "test",
                            "single_end": false
                        },
                        "test.vcf.gz:md5,68b329da9893e34099c7d8ad5cb9c940"
                    ]
                ],
                "vcf_tbi": [
                    [
                        {
                            "id": "test",
                            "single_end": false
                        },
                        "test.vcf.gz.tbi:md5,d41d8cd98f00b204e9800998ecf8427e"
                    ]
                ],
                "versions": [
                    "versions.yml:md5,72b3f70b4108ecc2a8744940b5b513d7"
                ]
            }
        ],
        "meta": {
            "nf-test": "0.8.4",
            "nextflow": "24.04.3"
        },
        "timestamp": "2024-07-17T16:58:08.641342"
    },
    "homo_sapiens - wgs": {
        "content": [
            {
                "0": [
                    [
                        {
                            "id": "test",
                            "single_end": false
                        },
                        "test.vcf.gz:md5,7cba1516f7cf0888765d5ee8caf275f4"
                    ]
                ],
                "1": [
                    [
                        {
                            "id": "test",
                            "single_end": false
                        },
                        "test.vcf.gz.tbi:md5,02a78562bc83520a51010a01fb06f217"
                    ]
                ],
                "2": [
                    [
                        {
                            "id": "test",
                            "single_end": false
                        },
                        "test.g.vcf.gz:md5,8d6ac08997bfd848a0a4d9d295e76952"
                    ]
                ],
                "3": [
                    [
                        {
                            "id": "test",
                            "single_end": false
                        },
                        "test.g.vcf.gz.tbi:md5,37e2d8f4cca0a21113cede608f54885a"
                    ]
                ],
                "4": [
                    "versions.yml:md5,27500aacf5e1da6a8a31905566fcb41f"
                ],
                "gvcf": [
                    [
                        {
                            "id": "test",
                            "single_end": false
                        },
                        "test.g.vcf.gz:md5,8d6ac08997bfd848a0a4d9d295e76952"
                    ]
                ],
                "gvcf_tbi": [
                    [
                        {
                            "id": "test",
                            "single_end": false
                        },
                        "test.g.vcf.gz.tbi:md5,37e2d8f4cca0a21113cede608f54885a"
                    ]
                ],
                "vcf": [
                    [
                        {
                            "id": "test",
                            "single_end": false
                        },
                        "test.vcf.gz:md5,7cba1516f7cf0888765d5ee8caf275f4"
                    ]
                ],
                "vcf_tbi": [
                    [
                        {
                            "id": "test",
                            "single_end": false
                        },
                        "test.vcf.gz.tbi:md5,02a78562bc83520a51010a01fb06f217"
                    ]
                ],
                "versions": [
                    "versions.yml:md5,27500aacf5e1da6a8a31905566fcb41f"
                ]
            }
        ],
        "meta": {
            "nf-test": "0.8.4",
            "nextflow": "24.04.3"
        },
        "timestamp": "2024-07-17T15:30:42.249744"
    }
}