{
    "test3-versions": {
        "content": [
            [
                "versions.yml:md5,842dca9323f25aa3cfd67789d18e7e33"
            ]
        ],
        "meta": {
            "nf-test": "0.9.0",
            "nextflow": "24.04.4"
        },
        "timestamp": "2024-08-09T11:38:03.846393488"
    },
    "test2-versions": {
        "content": [
            [
                "versions.yml:md5,842dca9323f25aa3cfd67789d18e7e33"
            ]
        ],
        "meta": {
            "nf-test": "0.9.0",
            "nextflow": "24.04.4"
        },
        "timestamp": "2024-08-09T11:37:54.085974225"
    },
    "test1-versions": {
        "content": [
            [
                "versions.yml:md5,842dca9323f25aa3cfd67789d18e7e33"
            ]
        ],
        "meta": {
            "nf-test": "0.9.0",
            "nextflow": "24.04.4"
        },
        "timestamp": "2024-08-09T11:37:44.424124268"
    }
}