{
    "bcf.gz": {
        "content": [
            {
                "0": [
                    [
                        {
                            "id": "test"
                        },
                        "test.visual_report.html:md5,28e2e19d97cdeddf25813534384ae9ca"
                    ]
                ],
                "1": [
                    "versions.yml:md5,72414085057fedf473d874c39db9b4c1"
                ],
                "report": [
                    [
                        {
                            "id": "test"
                        },
                        "test.visual_report.html:md5,28e2e19d97cdeddf25813534384ae9ca"
                    ]
                ],
                "versions": [
                    "versions.yml:md5,72414085057fedf473d874c39db9b4c1"
                ]
            }
        ],
        "meta": {
            "nf-test": "0.9.0",
            "nextflow": "24.10.3"
        },
        "timestamp": "2025-01-08T10:37:56.693225884"
    },
    "bcf": {
        "content": [
            {
                "0": [
                    [
                        {
                            "id": "test"
                        },
                        "test.visual_report.html:md5,28e2e19d97cdeddf25813534384ae9ca"
                    ]
                ],
                "1": [
                    "versions.yml:md5,72414085057fedf473d874c39db9b4c1"
                ],
                "report": [
                    [
                        {
                            "id": "test"
                        },
                        "test.visual_report.html:md5,28e2e19d97cdeddf25813534384ae9ca"
                    ]
                ],
                "versions": [
                    "versions.yml:md5,72414085057fedf473d874c39db9b4c1"
                ]
            }
        ],
        "meta": {
            "nf-test": "0.9.0",
            "nextflow": "24.10.3"
        },
        "timestamp": "2025-01-08T10:37:46.052691973"
    },
    "vcf.gz - stub": {
        "content": [
            {
                "0": [
                    [
                        {
                            "id": "test"
                        },
                        "test.visual_report.html:md5,d41d8cd98f00b204e9800998ecf8427e"
                    ]
                ],
                "1": [
                    "versions.yml:md5,72414085057fedf473d874c39db9b4c1"
                ],
                "report": [
                    [
                        {
                            "id": "test"
                        },
                        "test.visual_report.html:md5,d41d8cd98f00b204e9800998ecf8427e"
                    ]
                ],
                "versions": [
                    "versions.yml:md5,72414085057fedf473d874c39db9b4c1"
                ]
            }
        ],
        "meta": {
            "nf-test": "0.9.0",
            "nextflow": "24.10.3"
        },
        "timestamp": "2025-01-08T10:38:11.933882242"
    },
    "vcf.gz": {
        "content": [
            {
                "0": [
                    [
                        {
                            "id": "test"
                        },
                        "test.visual_report.html:md5,28e2e19d97cdeddf25813534384ae9ca"
                    ]
                ],
                "1": [
                    "versions.yml:md5,72414085057fedf473d874c39db9b4c1"
                ],
                "report": [
                    [
                        {
                            "id": "test"
                        },
                        "test.visual_report.html:md5,28e2e19d97cdeddf25813534384ae9ca"
                    ]
                ],
                "versions": [
                    "versions.yml:md5,72414085057fedf473d874c39db9b4c1"
                ]
            }
        ],
        "meta": {
            "nf-test": "0.9.0",
            "nextflow": "24.10.3"
        },
        "timestamp": "2025-01-08T10:37:35.193082752"
    },
    "vcf": {
        "content": [
            {
                "0": [
                    [
                        {
                            "id": "test"
                        },
                        "test.visual_report.html:md5,28e2e19d97cdeddf25813534384ae9ca"
                    ]
                ],
                "1": [
                    "versions.yml:md5,72414085057fedf473d874c39db9b4c1"
                ],
                "report": [
                    [
                        {
                            "id": "test"
                        },
                        "test.visual_report.html:md5,28e2e19d97cdeddf25813534384ae9ca"
                    ]
                ],
                "versions": [
                    "versions.yml:md5,72414085057fedf473d874c39db9b4c1"
                ]
            }
        ],
        "meta": {
            "nf-test": "0.9.0",
            "nextflow": "24.10.3"
        },
        "timestamp": "2025-01-08T10:37:24.270392535"
    },
    "bcf - stub": {
        "content": [
            {
                "0": [
                    [
                        {
                            "id": "test"
                        },
                        "test.visual_report.html:md5,d41d8cd98f00b204e9800998ecf8427e"
                    ]
                ],
                "1": [
                    "versions.yml:md5,72414085057fedf473d874c39db9b4c1"
                ],
                "report": [
                    [
                        {
                            "id": "test"
                        },
                        "test.visual_report.html:md5,d41d8cd98f00b204e9800998ecf8427e"
                    ]
                ],
                "versions": [
                    "versions.yml:md5,72414085057fedf473d874c39db9b4c1"
                ]
            }
        ],
        "meta": {
            "nf-test": "0.9.0",
            "nextflow": "24.10.3"
        },
        "timestamp": "2025-01-08T10:38:19.572242344"
    },
    "bcf.gz - stub": {
        "content": [
            {
                "0": [
                    [
                        {
                            "id": "test"
                        },
                        "test.visual_report.html:md5,d41d8cd98f00b204e9800998ecf8427e"
                    ]
                ],
                "1": [
                    "versions.yml:md5,72414085057fedf473d874c39db9b4c1"
                ],
                "report": [
                    [
                        {
                            "id": "test"
                        },
                        "test.visual_report.html:md5,d41d8cd98f00b204e9800998ecf8427e"
                    ]
                ],
                "versions": [
                    "versions.yml:md5,72414085057fedf473d874c39db9b4c1"
                ]
            }
        ],
        "meta": {
            "nf-test": "0.9.0",
            "nextflow": "24.10.3"
        },
        "timestamp": "2025-01-08T10:38:27.305402028"
    },
    "vcf - stub": {
        "content": [
            {
                "0": [
                    [
                        {
                            "id": "test"
                        },
                        "test.visual_report.html:md5,d41d8cd98f00b204e9800998ecf8427e"
                    ]
                ],
                "1": [
                    "versions.yml:md5,72414085057fedf473d874c39db9b4c1"
                ],
                "report": [
                    [
                        {
                            "id": "test"
                        },
                        "test.visual_report.html:md5,d41d8cd98f00b204e9800998ecf8427e"
                    ]
                ],
                "versions": [
                    "versions.yml:md5,72414085057fedf473d874c39db9b4c1"
                ]
            }
        ],
        "meta": {
            "nf-test": "0.9.0",
            "nextflow": "24.10.3"
        },
        "timestamp": "2025-01-08T10:38:04.244237859"
    }
}