{
    "versions": {
        "content": [
            [
                "versions.yml:md5,5ff99ffba1e56e4e919d3dfc2d0f3cbb"
            ]
        ],
        "meta": {
            "nf-test": "0.9.0",
            "nextflow": "24.04.4"
        },
        "timestamp": "2024-08-09T11:37:27.66602931"
    },
    "homo_sapiens - wgs - stub": {
        "content": [
            {
                "0": [
                    [
                        "dummy_unique_id",
                        {
                            "id": "test",
                            "single_end": false
                        },
                        "test.call.tfrecord.gz",
                        "test.call-00000-of-00001.tfrecord.gz:md5,68b329da9893e34099c7d8ad5cb9c940"
                    ]
                ],
                "1": [
                    "versions.yml:md5,5ff99ffba1e56e4e919d3dfc2d0f3cbb"
                ],
                "call_variants_tfrecords": [
                    [
                        "dummy_unique_id",
                        {
                            "id": "test",
                            "single_end": false
                        },
                        "test.call.tfrecord.gz",
                        "test.call-00000-of-00001.tfrecord.gz:md5,68b329da9893e34099c7d8ad5cb9c940"
                    ]
                ],
                "versions": [
                    "versions.yml:md5,5ff99ffba1e56e4e919d3dfc2d0f3cbb"
                ]
            }
        ],
        "meta": {
            "nf-test": "0.9.0",
            "nextflow": "24.04.4"
        },
        "timestamp": "2024-08-09T11:37:35.048004009"
    }
}