{
    "homo_sapiens - different samples and regions - cram - fasta - fai": {
        "content": [
            {
                "0": [
                    [
                        {
                            "id": "test",
                            "single_end": false
                        },
                        "test.vcf.gz:md5,1cd3ae45139543b48a5f9a8557fa476a"
                    ],
                    [
                        {
                            "id": "test2",
                            "single_end": false
                        },
                        "test2.vcf.gz:md5,1a1d1d4e0cee5dea34989029185e145c"
                    ]
                ],
                "1": [
                    [
                        {
                            "id": "test",
                            "single_end": false
                        },
                        "test.vcf.gz.tbi:md5,d0f3cbb281459620d545581586c4cb89"
                    ],
                    [
                        {
                            "id": "test2",
                            "single_end": false
                        },
                        "test2.vcf.gz.tbi:md5,6f6a5648676395fb8256f26df6a46ae1"
                    ]
                ],
                "2": [
                    [
                        {
                            "id": "test",
                            "single_end": false
                        },
                        "test.g.vcf.gz:md5,f54f28e0cede88517a55ed3bd832fd00"
                    ],
                    [
                        {
                            "id": "test2",
                            "single_end": false
                        },
                        "test2.g.vcf.gz:md5,65d6b5a3a8cfcde6b6a63bee8e6e7982"
                    ]
                ],
                "3": [
                    [
                        {
                            "id": "test",
                            "single_end": false
                        },
                        "test.g.vcf.gz.tbi:md5,a727c8b9a4a98bb22a2946e7b729d65d"
                    ],
                    [
                        {
                            "id": "test2",
                            "single_end": false
                        },
                        "test2.g.vcf.gz.tbi:md5,62f45c757d51f2449cff6a38cec61192"
                    ]
                ],
                "4": [
                    "versions.yml:md5,328e2f6462a2b9a5b4c291d2ea2acbae",
                    "versions.yml:md5,3ee8fb91cc070d641058839976671aa3",
                    "versions.yml:md5,c4510740784482ca098220df79ba3f3e"
                ],
                "gvcf": [
                    [
                        {
                            "id": "test",
                            "single_end": false
                        },
                        "test.g.vcf.gz:md5,f54f28e0cede88517a55ed3bd832fd00"
                    ],
                    [
                        {
                            "id": "test2",
                            "single_end": false
                        },
                        "test2.g.vcf.gz:md5,65d6b5a3a8cfcde6b6a63bee8e6e7982"
                    ]
                ],
                "gvcf_tbi": [
                    [
                        {
                            "id": "test",
                            "single_end": false
                        },
                        "test.g.vcf.gz.tbi:md5,a727c8b9a4a98bb22a2946e7b729d65d"
                    ],
                    [
                        {
                            "id": "test2",
                            "single_end": false
                        },
                        "test2.g.vcf.gz.tbi:md5,62f45c757d51f2449cff6a38cec61192"
                    ]
                ],
                "vcf": [
                    [
                        {
                            "id": "test",
                            "single_end": false
                        },
                        "test.vcf.gz:md5,1cd3ae45139543b48a5f9a8557fa476a"
                    ],
                    [
                        {
                            "id": "test2",
                            "single_end": false
                        },
                        "test2.vcf.gz:md5,1a1d1d4e0cee5dea34989029185e145c"
                    ]
                ],
                "vcf_tbi": [
                    [
                        {
                            "id": "test",
                            "single_end": false
                        },
                        "test.vcf.gz.tbi:md5,d0f3cbb281459620d545581586c4cb89"
                    ],
                    [
                        {
                            "id": "test2",
                            "single_end": false
                        },
                        "test2.vcf.gz.tbi:md5,6f6a5648676395fb8256f26df6a46ae1"
                    ]
                ],
                "versions": [
                    "versions.yml:md5,328e2f6462a2b9a5b4c291d2ea2acbae",
                    "versions.yml:md5,3ee8fb91cc070d641058839976671aa3",
                    "versions.yml:md5,c4510740784482ca098220df79ba3f3e"
                ]
            }
        ],
        "meta": {
            "nf-test": "0.9.0",
            "nextflow": "24.10.3"
        },
        "timestamp": "2025-01-08T11:06:33.690696159"
    },
    "homo_sapiens - two inputs - bam - fasta - fai": {
        "content": [
            {
                "0": [
                    [
                        {
                            "id": "test",
                            "single_end": false
                        },
                        "test.vcf.gz:md5,1cd3ae45139543b48a5f9a8557fa476a"
                    ],
                    [
                        {
                            "id": "test2",
                            "single_end": false
                        },
                        "test2.vcf.gz:md5,1cd3ae45139543b48a5f9a8557fa476a"
                    ]
                ],
                "1": [
                    [
                        {
                            "id": "test",
                            "single_end": false
                        },
                        "test.vcf.gz.tbi:md5,d0f3cbb281459620d545581586c4cb89"
                    ],
                    [
                        {
                            "id": "test2",
                            "single_end": false
                        },
                        "test2.vcf.gz.tbi:md5,d0f3cbb281459620d545581586c4cb89"
                    ]
                ],
                "2": [
                    [
                        {
                            "id": "test",
                            "single_end": false
                        },
                        "test.g.vcf.gz:md5,f54f28e0cede88517a55ed3bd832fd00"
                    ],
                    [
                        {
                            "id": "test2",
                            "single_end": false
                        },
                        "test2.g.vcf.gz:md5,f54f28e0cede88517a55ed3bd832fd00"
                    ]
                ],
                "3": [
                    [
                        {
                            "id": "test",
                            "single_end": false
                        },
                        "test.g.vcf.gz.tbi:md5,a727c8b9a4a98bb22a2946e7b729d65d"
                    ],
                    [
                        {
                            "id": "test2",
                            "single_end": false
                        },
                        "test2.g.vcf.gz.tbi:md5,a727c8b9a4a98bb22a2946e7b729d65d"
                    ]
                ],
                "4": [
                    "versions.yml:md5,328e2f6462a2b9a5b4c291d2ea2acbae",
                    "versions.yml:md5,3ee8fb91cc070d641058839976671aa3",
                    "versions.yml:md5,c4510740784482ca098220df79ba3f3e"
                ],
                "gvcf": [
                    [
                        {
                            "id": "test",
                            "single_end": false
                        },
                        "test.g.vcf.gz:md5,f54f28e0cede88517a55ed3bd832fd00"
                    ],
                    [
                        {
                            "id": "test2",
                            "single_end": false
                        },
                        "test2.g.vcf.gz:md5,f54f28e0cede88517a55ed3bd832fd00"
                    ]
                ],
                "gvcf_tbi": [
                    [
                        {
                            "id": "test",
                            "single_end": false
                        },
                        "test.g.vcf.gz.tbi:md5,a727c8b9a4a98bb22a2946e7b729d65d"
                    ],
                    [
                        {
                            "id": "test2",
                            "single_end": false
                        },
                        "test2.g.vcf.gz.tbi:md5,a727c8b9a4a98bb22a2946e7b729d65d"
                    ]
                ],
                "vcf": [
                    [
                        {
                            "id": "test",
                            "single_end": false
                        },
                        "test.vcf.gz:md5,1cd3ae45139543b48a5f9a8557fa476a"
                    ],
                    [
                        {
                            "id": "test2",
                            "single_end": false
                        },
                        "test2.vcf.gz:md5,1cd3ae45139543b48a5f9a8557fa476a"
                    ]
                ],
                "vcf_tbi": [
                    [
                        {
                            "id": "test",
                            "single_end": false
                        },
                        "test.vcf.gz.tbi:md5,d0f3cbb281459620d545581586c4cb89"
                    ],
                    [
                        {
                            "id": "test2",
                            "single_end": false
                        },
                        "test2.vcf.gz.tbi:md5,d0f3cbb281459620d545581586c4cb89"
                    ]
                ],
                "versions": [
                    "versions.yml:md5,328e2f6462a2b9a5b4c291d2ea2acbae",
                    "versions.yml:md5,3ee8fb91cc070d641058839976671aa3",
                    "versions.yml:md5,c4510740784482ca098220df79ba3f3e"
                ]
            }
        ],
        "meta": {
            "nf-test": "0.9.0",
            "nextflow": "24.10.3"
        },
        "timestamp": "2025-01-08T11:05:58.39494171"
    }
}