{
    "homo_sapiens - [bam, bai] - fasta_gz - fasta_gz_fai": {
        "content": [
            {
                "0": [
                    [
                        {
                            "id": "test",
                            "single_end": false
                        },
                        "test_out.vcf.gz:md5,cf14200d683c17a6e433bb076d487fee"
                    ]
                ],
                "1": [
                    [
                        {
                            "id": "test",
                            "single_end": false
                        },
                        "test_out.vcf.gz.tbi:md5,e9bcd1d1f5280e0d76ed8fd31f27bd59"
                    ]
                ],
                "2": [
                    [
                        {
                            "id": "test",
                            "single_end": false
                        },
                        "test_out.g.vcf.gz:md5,6251a87945e530ca61a989d7187d89dc"
                    ]
                ],
                "3": [
                    [
                        {
                            "id": "test",
                            "single_end": false
                        },
                        "test_out.g.vcf.gz.tbi:md5,32ca0d6713b96ed4ce07c79421bb04a9"
                    ]
                ],
                "4": [
                    "versions.yml:md5,cd692ea876a00da762fd4608c9f40f01"
                ],
                "gvcf": [
                    [
                        {
                            "id": "test",
                            "single_end": false
                        },
                        "test_out.g.vcf.gz:md5,6251a87945e530ca61a989d7187d89dc"
                    ]
                ],
                "gvcf_tbi": [
                    [
                        {
                            "id": "test",
                            "single_end": false
                        },
                        "test_out.g.vcf.gz.tbi:md5,32ca0d6713b96ed4ce07c79421bb04a9"
                    ]
                ],
                "vcf": [
                    [
                        {
                            "id": "test",
                            "single_end": false
                        },
                        "test_out.vcf.gz:md5,cf14200d683c17a6e433bb076d487fee"
                    ]
                ],
                "vcf_tbi": [
                    [
                        {
                            "id": "test",
                            "single_end": false
                        },
                        "test_out.vcf.gz.tbi:md5,e9bcd1d1f5280e0d76ed8fd31f27bd59"
                    ]
                ],
                "versions": [
                    "versions.yml:md5,cd692ea876a00da762fd4608c9f40f01"
                ]
            }
        ],
        "meta": {
            "nf-test": "0.9.0",
            "nextflow": "24.10.3"
        },
        "timestamp": "2025-01-08T10:37:08.919502209"
    },
    "homo_sapiens - [bam, bai] - fasta - fai": {
        "content": [
            {
                "0": [
                    [
                        {
                            "id": "test",
                            "single_end": false
                        },
                        "test_out.vcf.gz:md5,cf14200d683c17a6e433bb076d487fee"
                    ]
                ],
                "1": [
                    [
                        {
                            "id": "test",
                            "single_end": false
                        },
                        "test_out.vcf.gz.tbi:md5,e9bcd1d1f5280e0d76ed8fd31f27bd59"
                    ]
                ],
                "2": [
                    [
                        {
                            "id": "test",
                            "single_end": false
                        },
                        "test_out.g.vcf.gz:md5,6251a87945e530ca61a989d7187d89dc"
                    ]
                ],
                "3": [
                    [
                        {
                            "id": "test",
                            "single_end": false
                        },
                        "test_out.g.vcf.gz.tbi:md5,32ca0d6713b96ed4ce07c79421bb04a9"
                    ]
                ],
                "4": [
                    "versions.yml:md5,cd692ea876a00da762fd4608c9f40f01"
                ],
                "gvcf": [
                    [
                        {
                            "id": "test",
                            "single_end": false
                        },
                        "test_out.g.vcf.gz:md5,6251a87945e530ca61a989d7187d89dc"
                    ]
                ],
                "gvcf_tbi": [
                    [
                        {
                            "id": "test",
                            "single_end": false
                        },
                        "test_out.g.vcf.gz.tbi:md5,32ca0d6713b96ed4ce07c79421bb04a9"
                    ]
                ],
                "vcf": [
                    [
                        {
                            "id": "test",
                            "single_end": false
                        },
                        "test_out.vcf.gz:md5,cf14200d683c17a6e433bb076d487fee"
                    ]
                ],
                "vcf_tbi": [
                    [
                        {
                            "id": "test",
                            "single_end": false
                        },
                        "test_out.vcf.gz.tbi:md5,e9bcd1d1f5280e0d76ed8fd31f27bd59"
                    ]
                ],
                "versions": [
                    "versions.yml:md5,cd692ea876a00da762fd4608c9f40f01"
                ]
            }
        ],
        "meta": {
            "nf-test": "0.9.0",
            "nextflow": "24.10.3"
        },
        "timestamp": "2025-01-08T10:29:01.043271941"
    },
    "homo_sapiens - [cram, crai, genome_bed] - fasta - fai": {
        "content": [
            {
                "0": [
                    [
                        {
                            "id": "test",
                            "single_end": false
                        },
                        "test_out.vcf.gz:md5,cf14200d683c17a6e433bb076d487fee"
                    ]
                ],
                "1": [
                    [
                        {
                            "id": "test",
                            "single_end": false
                        },
                        "test_out.vcf.gz.tbi:md5,e9bcd1d1f5280e0d76ed8fd31f27bd59"
                    ]
                ],
                "2": [
                    [
                        {
                            "id": "test",
                            "single_end": false
                        },
                        "test_out.g.vcf.gz:md5,6251a87945e530ca61a989d7187d89dc"
                    ]
                ],
                "3": [
                    [
                        {
                            "id": "test",
                            "single_end": false
                        },
                        "test_out.g.vcf.gz.tbi:md5,32ca0d6713b96ed4ce07c79421bb04a9"
                    ]
                ],
                "4": [
                    "versions.yml:md5,cd692ea876a00da762fd4608c9f40f01"
                ],
                "gvcf": [
                    [
                        {
                            "id": "test",
                            "single_end": false
                        },
                        "test_out.g.vcf.gz:md5,6251a87945e530ca61a989d7187d89dc"
                    ]
                ],
                "gvcf_tbi": [
                    [
                        {
                            "id": "test",
                            "single_end": false
                        },
                        "test_out.g.vcf.gz.tbi:md5,32ca0d6713b96ed4ce07c79421bb04a9"
                    ]
                ],
                "vcf": [
                    [
                        {
                            "id": "test",
                            "single_end": false
                        },
                        "test_out.vcf.gz:md5,cf14200d683c17a6e433bb076d487fee"
                    ]
                ],
                "vcf_tbi": [
                    [
                        {
                            "id": "test",
                            "single_end": false
                        },
                        "test_out.vcf.gz.tbi:md5,e9bcd1d1f5280e0d76ed8fd31f27bd59"
                    ]
                ],
                "versions": [
                    "versions.yml:md5,cd692ea876a00da762fd4608c9f40f01"
                ]
            }
        ],
        "meta": {
            "nf-test": "0.9.0",
            "nextflow": "24.10.3"
        },
        "timestamp": "2025-01-08T10:36:13.736902305"
    },
    "homo_sapiens - [cram, crai, genome_bed] - fasta - fai - par_bed": {
        "content": [
            {
                "0": [
                    [
                        {
                            "id": "test",
                            "single_end": false
                        },
                        "test_out.vcf.gz:md5,b79936a7bf53fa4ee7e5866664e37d56"
                    ]
                ],
                "1": [
                    [
                        {
                            "id": "test",
                            "single_end": false
                        },
                        "test_out.vcf.gz.tbi:md5,22f9f4c6c8c1faa8b129eddf32b445b8"
                    ]
                ],
                "2": [
                    [
                        {
                            "id": "test",
                            "single_end": false
                        },
                        "test_out.g.vcf.gz:md5,c82ce85ed16dcabe411995c52aaffd85"
                    ]
                ],
                "3": [
                    [
                        {
                            "id": "test",
                            "single_end": false
                        },
                        "test_out.g.vcf.gz.tbi:md5,6420a456b0507c70c8423293395c29bc"
                    ]
                ],
                "4": [
                    "versions.yml:md5,cd692ea876a00da762fd4608c9f40f01"
                ],
                "gvcf": [
                    [
                        {
                            "id": "test",
                            "single_end": false
                        },
                        "test_out.g.vcf.gz:md5,c82ce85ed16dcabe411995c52aaffd85"
                    ]
                ],
                "gvcf_tbi": [
                    [
                        {
                            "id": "test",
                            "single_end": false
                        },
                        "test_out.g.vcf.gz.tbi:md5,6420a456b0507c70c8423293395c29bc"
                    ]
                ],
                "vcf": [
                    [
                        {
                            "id": "test",
                            "single_end": false
                        },
                        "test_out.vcf.gz:md5,b79936a7bf53fa4ee7e5866664e37d56"
                    ]
                ],
                "vcf_tbi": [
                    [
                        {
                            "id": "test",
                            "single_end": false
                        },
                        "test_out.vcf.gz.tbi:md5,22f9f4c6c8c1faa8b129eddf32b445b8"
                    ]
                ],
                "versions": [
                    "versions.yml:md5,cd692ea876a00da762fd4608c9f40f01"
                ]
            }
        ],
        "meta": {
            "nf-test": "0.9.0",
            "nextflow": "24.10.3"
        },
        "timestamp": "2025-01-08T10:36:41.415335456"
    }
}